#-----------------------------------------------------------
# Vivado v2024.1 (64-bit)
# SW Build 5076996 on Wed May 22 18:36:09 MDT 2024
# IP Build 5075265 on Wed May 22 21:45:21 MDT 2024
# SharedData Build 5076995 on Wed May 22 18:29:18 MDT 2024
# Start of session at: Wed Apr 29 00:11:10 2026
# Process ID: 24848
# Current directory: /home/cian/Masterproef/project/Readwright/scripts
# Command line: vivado -mode batch -source /home/cian/Masterproef/project/results/general_flow_runs/2026-04-28_22-03-34_eco_rank1_lutupgrade/08_phase6b_generic_rewire/phase6b_generic_apply_rewire.tcl
# Log file: /home/cian/Masterproef/project/Readwright/scripts/vivado.log
# Journal file: /home/cian/Masterproef/project/Readwright/scripts/vivado.jou
# Running On        :MSI
# Platform          :Ubuntu
# Operating System  :Ubuntu 22.04.5 LTS
# Processor Detail  :Intel(R) Core(TM) i7-10750H CPU @ 2.60GHz
# CPU Frequency     :2592.008 MHz
# CPU Physical cores:6
# CPU Logical cores :12
# Host memory       :8232 MB
# Swap memory       :2147 MB
# Total Virtual     :10380 MB
# Available Virtual :9747 MB
#-----------------------------------------------------------
source /home/cian/Masterproef/project/results/general_flow_runs/2026-04-28_22-03-34_eco_rank1_lutupgrade/08_phase6b_generic_rewire/phase6b_generic_apply_rewire.tcl
